Usage: ollama-mesh login [flags]

Authenticates once and saves the resulting session to a local file (0600,
under the OS user config dir) so other commands can omit --username/
--password afterward. Run without --username/--password in a terminal to
be prompted interactively (password input is not echoed).

Flags:
  --server string    Admin API base URL (default "http://localhost:8080", env MESH_SERVER)
  --json             output machine-readable JSON instead of a human table
  --username string  admin username, used to log in (env MESH_USERNAME)
  --password string  admin password, used to log in (env MESH_PASSWORD)
